// Jest Snapshot v1, https://goo.gl/fbAQLP

exports[`SmtpEmails #sendResetPasswordEmail should sent email 1`] = `
Array [
  Object {
    "from": "me@gmail.com",
    "html": "<p>Hi John Smith,</p>

<p>Click the link below to set your password:</p>
<p><a href=\\"http://localhost:8000/reset-password/eyJhbGciOiJIUzUxMiIsInR5cCI6IkpXVCJ9.eyJ1aWQiOjEsImlhdCI6MTQ5NjEzMzYxNiwiZXhwIjoxNDk2MzkyODE2LCJzdWIiOiJwYXNzd29yZC1zZXQifQ.wvewANIKzbgJ_HGXo6zRRlNXXFjCC7GZ7E7KRd1zJR4_CzRKMtUVJWkvJNmMKbTueRN9iCpn2bQFSEYeol-d2w\\">http://localhost:8000/reset-password/eyJhbGciOiJIUzUxMiIsInR5cCI6IkpXVCJ9.eyJ1aWQiOjEsImlhdCI6MTQ5NjEzMzYxNiwiZXhwIjoxNDk2MzkyODE2LCJzdWIiOiJwYXNzd29yZC1zZXQifQ.wvewANIKzbgJ_HGXo6zRRlNXXFjCC7GZ7E7KRd1zJR4_CzRKMtUVJWkvJNmMKbTueRN9iCpn2bQFSEYeol-d2w</a></p>

<p>Thanks,<br>
CrossCloud team</p>
",
    "subject": "Set CrossCloud password",
    "text": "Hi John Smith,

Set your password here: http://localhost:8000/reset-password/eyJhbGciOiJIUzUxMiIsInR5cCI6IkpXVCJ9.eyJ1aWQiOjEsImlhdCI6MTQ5NjEzMzYxNiwiZXhwIjoxNDk2MzkyODE2LCJzdWIiOiJwYXNzd29yZC1zZXQifQ.wvewANIKzbgJ_HGXo6zRRlNXXFjCC7GZ7E7KRd1zJR4_CzRKMtUVJWkvJNmMKbTueRN9iCpn2bQFSEYeol-d2w

Thanks,
CrossCloud team
",
    "to": "sample@gmail.com",
  },
]
`;

exports[`SmtpEmails #sendResetPasswordEmail should sent email 2`] = `
Array [
  Object {
    "from": "me@gmail.com",
    "html": "<p>Hi John Smith,</p>

<p>Click the link below to set your password:</p>
<p><a href=\\"http://localhost:8000/reset-password/eyJhbGciOiJIUzUxMiIsInR5cCI6IkpXVCJ9.eyJ1aWQiOjEsImlhdCI6MTQ5NjEzMzYxNiwiZXhwIjoxNDk2MzkyODE2LCJzdWIiOiJwYXNzd29yZC1zZXQifQ.wvewANIKzbgJ_HGXo6zRRlNXXFjCC7GZ7E7KRd1zJR4_CzRKMtUVJWkvJNmMKbTueRN9iCpn2bQFSEYeol-d2w\\">http://localhost:8000/reset-password/eyJhbGciOiJIUzUxMiIsInR5cCI6IkpXVCJ9.eyJ1aWQiOjEsImlhdCI6MTQ5NjEzMzYxNiwiZXhwIjoxNDk2MzkyODE2LCJzdWIiOiJwYXNzd29yZC1zZXQifQ.wvewANIKzbgJ_HGXo6zRRlNXXFjCC7GZ7E7KRd1zJR4_CzRKMtUVJWkvJNmMKbTueRN9iCpn2bQFSEYeol-d2w</a></p>

<p>Thanks,<br>
CrossCloud team</p>
",
    "subject": "Set CrossCloud password",
    "text": "Hi John Smith,

Set your password here: http://localhost:8000/reset-password/eyJhbGciOiJIUzUxMiIsInR5cCI6IkpXVCJ9.eyJ1aWQiOjEsImlhdCI6MTQ5NjEzMzYxNiwiZXhwIjoxNDk2MzkyODE2LCJzdWIiOiJwYXNzd29yZC1zZXQifQ.wvewANIKzbgJ_HGXo6zRRlNXXFjCC7GZ7E7KRd1zJR4_CzRKMtUVJWkvJNmMKbTueRN9iCpn2bQFSEYeol-d2w

Thanks,
CrossCloud team
",
    "to": "sample@gmail.com",
  },
  Object {
    "from": "me@gmail.com",
    "html": "<p>Hi John Smith,</p>

<p>Click the link below to reset your password:</p>
<p><a href=\\"http://localhost:8000/reset-password/eyJhbGciOiJIUzUxMiIsInR5cCI6IkpXVCJ9.eyJ1aWQiOjEsImlhdCI6MTQ5NjEzMzYxNiwiZXhwIjoxNDk2MzkyODE2LCJzdWIiOiJwYXNzd29yZC1zZXQifQ.wvewANIKzbgJ_HGXo6zRRlNXXFjCC7GZ7E7KRd1zJR4_CzRKMtUVJWkvJNmMKbTueRN9iCpn2bQFSEYeol-d2w\\">http://localhost:8000/reset-password/eyJhbGciOiJIUzUxMiIsInR5cCI6IkpXVCJ9.eyJ1aWQiOjEsImlhdCI6MTQ5NjEzMzYxNiwiZXhwIjoxNDk2MzkyODE2LCJzdWIiOiJwYXNzd29yZC1zZXQifQ.wvewANIKzbgJ_HGXo6zRRlNXXFjCC7GZ7E7KRd1zJR4_CzRKMtUVJWkvJNmMKbTueRN9iCpn2bQFSEYeol-d2w</a></p>

<p>Thanks,<br>
CrossCloud team</p>
",
    "subject": "Reset CrossCloud password",
    "text": "Hi John Smith,

Reset your password here: http://localhost:8000/reset-password/eyJhbGciOiJIUzUxMiIsInR5cCI6IkpXVCJ9.eyJ1aWQiOjEsImlhdCI6MTQ5NjEzMzYxNiwiZXhwIjoxNDk2MzkyODE2LCJzdWIiOiJwYXNzd29yZC1zZXQifQ.wvewANIKzbgJ_HGXo6zRRlNXXFjCC7GZ7E7KRd1zJR4_CzRKMtUVJWkvJNmMKbTueRN9iCpn2bQFSEYeol-d2w

Thanks,
CrossCloud team
",
    "to": "sample@gmail.com",
  },
]
`;
